Power of tech is immense
my name is Farheena Ibrahim 




functionUp:
Functionsdpasjd kc kjdija?KSjd nuhw d;lkZJ;odi hais d.KSd ISKzndjqa hs;dj

extra ordarinary efforts really help. 


kind people win the world
kindness is root for better society
bitterness give catastrophic effect on society.






code:

Mohd Ibrahim@Ibrahim MINGW64 ~
$ cd

Mohd Ibrahim@Ibrahim MINGW64 ~
$ pwd
/c/Users/Mohd Ibrahim

Mohd Ibrahim@Ibrahim MINGW64 ~
$ /d:
bash: /d:: No such file or directory

Mohd Ibrahim@Ibrahim MINGW64 ~
$ mkdir assignment

Mohd Ibrahim@Ibrahim MINGW64 ~
$ ls
 
 myFie.txt
 node_modules/
 ntuser.dat.LOG1
 ntuser.dat.LOG2
 ntuser.ini
  test/
'~$E2.docx'

Mohd Ibrahim@Ibrahim MINGW64 ~
$ cd assignment

Mohd Ibrahim@Ibrahim MINGW64 ~/assignment
$ mkdir source

Mohd Ibrahim@Ibrahim MINGW64 ~/assignment
$ mkdir destination

Mohd Ibrahim@Ibrahim MINGW64 ~/assignment
$ ls
destination/  source/

Mohd Ibrahim@Ibrahim MINGW64 ~/assignment
$ cd source

Mohd Ibrahim@Ibrahim MINGW64 ~/assignment/source
$ touch file.txt

Mohd Ibrahim@Ibrahim MINGW64 ~/assignment/source
$ cat



Mohd Ibrahim@Ibrahim MINGW64 ~/assignment/source
$ dir
file.txt

Mohd Ibrahim@Ibrahim MINGW64 ~/assignment/source
$ rename file.txt functionUp.txt
bash: rename: command not found

Mohd Ibrahim@Ibrahim MINGW64 ~/assignment/source
$ ren^C

Mohd Ibrahim@Ibrahim MINGW64 ~/assignment/source
$ ren file.txt functionUp.txt
bash: ren: command not found

Mohd Ibrahim@Ibrahim MINGW64 ~/assignment/source
$ cat >file.txt


Mohd Ibrahim@Ibrahim MINGW64 ~/assignment/source
$ cat >file.txt
Power of tech is immense
my name is Farheena Ibrahim

Mohd Ibrahim@Ibrahim MINGW64 ~/assignment/source
$ cd..

Mohd Ibrahim@Ibrahim MINGW64 ~/assignment/destination
$

Mohd Ibrahim@Ibrahim MINGW64 ~/assignment/destination
$ vim file.txt

Mohd Ibrahim@Ibrahim MINGW64 ~/assignment/destination
$ grep -i "functionUp" file.txt
functionUp:
$ rename file.txt functionUp.txt
$ ren file.txt functionUp.txt




